// Jest Snapshot v1, https://goo.gl/fbAQLP

exports[`CardContainer CardContainer should match the snapshot 1`] = `
"<div className=\\"CardContainer\\">
  <Connect(Card) vote_count={7068} id={129} video={false} vote_average={8.5} title=\\"Spirited Away\\" popularity={26.943} poster_path=\\"/oRvMaJOmapypFUcQqpgHMZA6qL9.jpg\\" original_language=\\"ja\\" original_title=\\"千と千尋の神隠し\\" genre_ids={{...}} backdrop_path=\\"/mnpRKVSXBX6jb56nabvmGKA0Wig.jpg\\" adult={false} overview=\\"A young girl, Chihiro, becomes trapped in a strange new world of spirits. When her parents undergo a mysterious transformation, she must call upon the courage she never knew she had to free her family.\\" release_date=\\"2001-07-20\\" />
</div>"
`;
