// Jest Snapshot v1, https://goo.gl/fbAQLP

exports[`Info should match the snapshot 1`] = `
"<div>
  <h1>
    Spirited Away
  </h1>
  <p>
    8.5
    /10
  </p>
  <h2>
    千と千尋の神隠し
  </h2>
  <p>
    2001-07-20
  </p>
  <p>
    A young girl, Chihiro, becomes trapped in a strange new world of spirits. When her parents undergo a mysterious transformation, she must call upon the courage she never knew she had to free her family.
  </p>
</div>"
`;
